// Jest Snapshot v1, https://goo.gl/fbAQLP

exports[`WalletAnalysis displays loading state initially 1`] = `
<div>
  <div
    class="space-y-6"
  >
    <div
      style="opacity: 0; transform: translateY(20px);"
    >
      <div
        class="bg-white/5 rounded-xl p-6 backdrop-blur-sm border border-white/10"
      >
        <div
          class="flex items-center justify-between mb-4"
        >
          <div>
            <h3
              class="text-xl font-semibold"
            >
              Risk Score
            </h3>
            <p
              class="text-gray-400"
            >
              Overall wallet safety assessment
            </p>
          </div>
          <div
            class="text-right"
          >
            <p
              class="text-3xl font-bold bg-gradient-to-r from-primary to-accent bg-clip-text text-transparent"
            >
              75
              %
            </p>
            <p
              class="text-sm text-gray-400"
            >
              Safe
            </p>
          </div>
        </div>
        <div
          aria-valuemax="100"
          aria-valuemin="0"
          class="relative w-full overflow-hidden rounded-full bg-white/5 h-2"
          data-max="100"
          data-state="indeterminate"
          role="progressbar"
        >
          <div
            class="h-full w-full flex-1 bg-gradient-to-r from-primary to-accent transition-all"
            data-max="100"
            data-state="indeterminate"
            style="transform: translateX(-25%);"
          />
        </div>
      </div>
    </div>
    <div
      style="opacity: 0; transform: translateY(20px);"
    >
      <div
        class="space-y-4"
        data-orientation="horizontal"
        dir="ltr"
      >
        <div
          aria-orientation="horizontal"
          class="inline-flex h-10 items-center justify-center rounded-lg p-1 bg-white/5 border-b border-white/10"
          data-orientation="horizontal"
          role="tablist"
          style="outline: none;"
          tabindex="0"
        >
          <button
            aria-controls="radix-:r4:-content-transactions"
            aria-selected="true"
            class="inline-flex items-center justify-center whitespace-nowrap rounded-md px-3 py-1.5 text-sm font-medium ring-offset-background transition-all focus-visible:outline-none focus-visible:ring-2 focus-visible:ring-ring focus-visible:ring-offset-2 disabled:pointer-events-none disabled:opacity-50 data-[state=active]:bg-white/5 data-[state=active]:shadow-sm data-[state=active]:text-primary"
            data-orientation="horizontal"
            data-radix-collection-item=""
            data-state="active"
            id="radix-:r4:-trigger-transactions"
            role="tab"
            tabindex="-1"
            type="button"
          >
            Transactions
          </button>
          <button
            aria-controls="radix-:r4:-content-activity"
            aria-selected="false"
            class="inline-flex items-center justify-center whitespace-nowrap rounded-md px-3 py-1.5 text-sm font-medium ring-offset-background transition-all focus-visible:outline-none focus-visible:ring-2 focus-visible:ring-ring focus-visible:ring-offset-2 disabled:pointer-events-none disabled:opacity-50 data-[state=active]:bg-white/5 data-[state=active]:shadow-sm data-[state=active]:text-primary"
            data-orientation="horizontal"
            data-radix-collection-item=""
            data-state="inactive"
            id="radix-:r4:-trigger-activity"
            role="tab"
            tabindex="-1"
            type="button"
          >
            Activity
          </button>
          <button
            aria-controls="radix-:r4:-content-connections"
            aria-selected="false"
            class="inline-flex items-center justify-center whitespace-nowrap rounded-md px-3 py-1.5 text-sm font-medium ring-offset-background transition-all focus-visible:outline-none focus-visible:ring-2 focus-visible:ring-ring focus-visible:ring-offset-2 disabled:pointer-events-none disabled:opacity-50 data-[state=active]:bg-white/5 data-[state=active]:shadow-sm data-[state=active]:text-primary"
            data-orientation="horizontal"
            data-radix-collection-item=""
            data-state="inactive"
            id="radix-:r4:-trigger-connections"
            role="tab"
            tabindex="-1"
            type="button"
          >
            Connections
          </button>
        </div>
        <div
          aria-labelledby="radix-:r4:-trigger-transactions"
          class="mt-2 ring-offset-background focus-visible:outline-none focus-visible:ring-2 focus-visible:ring-ring focus-visible:ring-offset-2 space-y-4"
          data-orientation="horizontal"
          data-state="active"
          id="radix-:r4:-content-transactions"
          role="tabpanel"
          style="animation-duration: 0s;"
          tabindex="0"
        >
          <div
            class="bg-white/5 rounded-xl p-4 backdrop-blur-sm border border-white/10 flex items-center justify-between"
          >
            <div
              class="flex items-center gap-4"
            >
              <svg
                class="lucide lucide-arrow-up-down text-primary"
                fill="none"
                height="24"
                stroke="currentColor"
                stroke-linecap="round"
                stroke-linejoin="round"
                stroke-width="2"
                viewBox="0 0 24 24"
                width="24"
                xmlns="http://www.w3.org/2000/svg"
              >
                <path
                  d="m21 16-4 4-4-4"
                />
                <path
                  d="M17 20V4"
                />
                <path
                  d="m3 8 4-4 4 4"
                />
                <path
                  d="M7 4v16"
                />
              </svg>
              <div>
                <p
                  class="font-medium"
                >
                  Send
                </p>
                <p
                  class="text-sm text-gray-400"
                >
                  2 mins ago
                </p>
              </div>
            </div>
            <p
              class="font-medium"
            >
              -
              10.5
               
              SOL
            </p>
          </div>
          <div
            class="bg-white/5 rounded-xl p-4 backdrop-blur-sm border border-white/10 flex items-center justify-between"
          >
            <div
              class="flex items-center gap-4"
            >
              <svg
                class="lucide lucide-arrow-up-down text-primary"
                fill="none"
                height="24"
                stroke="currentColor"
                stroke-linecap="round"
                stroke-linejoin="round"
                stroke-width="2"
                viewBox="0 0 24 24"
                width="24"
                xmlns="http://www.w3.org/2000/svg"
              >
                <path
                  d="m21 16-4 4-4-4"
                />
                <path
                  d="M17 20V4"
                />
                <path
                  d="m3 8 4-4 4 4"
                />
                <path
                  d="M7 4v16"
                />
              </svg>
              <div>
                <p
                  class="font-medium"
                >
                  Receive
                </p>
                <p
                  class="text-sm text-gray-400"
                >
                  5 mins ago
                </p>
              </div>
            </div>
            <p
              class="font-medium"
            >
              +
              25.0
               
              USDC
            </p>
          </div>
          <div
            class="bg-white/5 rounded-xl p-4 backdrop-blur-sm border border-white/10 flex items-center justify-between"
          >
            <div
              class="flex items-center gap-4"
            >
              <svg
                class="lucide lucide-arrow-up-down text-primary"
                fill="none"
                height="24"
                stroke="currentColor"
                stroke-linecap="round"
                stroke-linejoin="round"
                stroke-width="2"
                viewBox="0 0 24 24"
                width="24"
                xmlns="http://www.w3.org/2000/svg"
              >
                <path
                  d="m21 16-4 4-4-4"
                />
                <path
                  d="M17 20V4"
                />
                <path
                  d="m3 8 4-4 4 4"
                />
                <path
                  d="M7 4v16"
                />
              </svg>
              <div>
                <p
                  class="font-medium"
                >
                  Swap
                </p>
                <p
                  class="text-sm text-gray-400"
                >
                  10 mins ago
                </p>
              </div>
            </div>
            <p
              class="font-medium"
            >
              -
              5.2
               
              SOL
            </p>
          </div>
        </div>
        <div
          aria-labelledby="radix-:r4:-trigger-activity"
          class="mt-2 ring-offset-background focus-visible:outline-none focus-visible:ring-2 focus-visible:ring-ring focus-visible:ring-offset-2 space-y-4"
          data-orientation="horizontal"
          data-state="inactive"
          hidden=""
          id="radix-:r4:-content-activity"
          role="tabpanel"
          tabindex="0"
        />
        <div
          aria-labelledby="radix-:r4:-trigger-connections"
          class="mt-2 ring-offset-background focus-visible:outline-none focus-visible:ring-2 focus-visible:ring-ring focus-visible:ring-offset-2 space-y-4"
          data-orientation="horizontal"
          data-state="inactive"
          hidden=""
          id="radix-:r4:-content-connections"
          role="tabpanel"
          tabindex="0"
        />
      </div>
    </div>
  </div>
</div>
`;
